<?xml version="1.0" encoding="utf-8"?>
<results version="2.0" ts="2018-09-13 13:12:03" nm="City of Hamilton Municipal Election 2018" fin="0" bal="0" vot="0" tab="252" cltab="0" pol="222" clpol="0" stpol="0">
  <choices>
    <choice id="1" tot="1" vot="0" e="0" prc="0.00" />
    <choice id="2" tot="1" vot="0" e="0" prc="0.00" />
    <choice id="3" tot="1" vot="0" e="0" prc="0.00" />
    <choice id="4" tot="1" vot="0" e="0" prc="0.00" />
    <choice id="5" tot="1" vot="0" e="0" prc="0.00" />
    <choice id="6" tot="1" vot="0" e="0" prc="0.00" />
    <choice id="7" tot="1" vot="0" e="0" prc="0.00" />
    <choice id="8" tot="1" vot="0" e="0" prc="0.00" />
    <choice id="9" tot="1" vot="0" e="0" prc="0.00" />
    <choice id="10" tot="1" vot="0" e="0" prc="0.00" />
    <choice id="11" tot="1" vot="0" e="0" prc="0.00" />
    <choice id="12" tot="1" vot="0" e="0" prc="0.00" />
    <choice id="13" tot="1" vot="0" e="0" prc="0.00" />
    <choice id="14" tot="1" vot="0" e="0" prc="0.00" />
    <choice id="15" tot="1" vot="0" e="0" prc="0.00" />
    <choice id="16" tot="1" vot="0" e="0" prc="0.00" />
    <choice id="17" tot="1" vot="0" e="0" prc="0.00" />
    <choice id="18" tot="1" vot="0" e="0" prc="0.00" />
    <choice id="19" tot="1" vot="0" e="0" prc="0.00" />
    <choice id="20" tot="1" vot="0" e="0" prc="0.00" />
    <choice id="21" tot="1" vot="0" e="0" prc="0.00" />
    <choice id="22" tot="1" vot="0" e="0" prc="0.00" />
    <choice id="23" tot="1" vot="0" e="0" prc="0.00" />
    <choice id="24" tot="1" vot="0" e="0" prc="0.00" />
    <choice id="25" tot="1" vot="0" e="0" prc="0.00" />
    <choice id="26" tot="1" vot="0" e="0" prc="0.00" />
    <choice id="27" tot="1" vot="0" e="0" prc="0.00" />
    <choice id="28" tot="1" vot="0" e="0" prc="0.00" />
    <choice id="29" tot="1" vot="0" e="0" prc="0.00" />
    <choice id="30" tot="1" vot="0" e="0" prc="0.00" />
    <choice id="31" tot="1" vot="0" e="0" prc="0.00" />
    <choice id="32" tot="1" vot="0" e="0" prc="0.00" />
    <choice id="33" tot="1" vot="0" e="0" prc="0.00" />
    <choice id="34" tot="1" vot="0" e="0" prc="0.00" />
    <choice id="35" tot="1" vot="0" e="0" prc="0.00" />
    <choice id="36" tot="1" vot="0" e="0" prc="0.00" />
    <choice id="37" tot="1" vot="0" e="0" prc="0.00" />
    <choice id="38" tot="1" vot="0" e="0" prc="0.00" />
    <choice id="39" tot="1" vot="0" e="0" prc="0.00" />
    <choice id="40" tot="1" vot="0" e="0" prc="0.00" />
    <choice id="41" tot="1" vot="0" e="0" prc="0.00" />
    <choice id="42" tot="1" vot="0" e="0" prc="0.00" />
    <choice id="43" tot="1" vot="0" e="0" prc="0.00" />
    <choice id="44" tot="1" vot="0" e="0" prc="0.00" />
    <choice id="45" tot="1" vot="0" e="0" prc="0.00" />
    <choice id="46" tot="1" vot="0" e="0" prc="0.00" />
    <choice id="47" tot="1" vot="0" e="0" prc="0.00" />
    <choice id="48" tot="1" vot="0" e="0" prc="0.00" />
    <choice id="49" tot="1" vot="0" e="0" prc="0.00" />
    <choice id="50" tot="1" vot="0" e="0" prc="0.00" />
    <choice id="51" tot="1" vot="0" e="0" prc="0.00" />
    <choice id="52" tot="1" vot="0" e="0" prc="0.00" />
    <choice id="53" tot="1" vot="0" e="0" prc="0.00" />
    <choice id="54" tot="1" vot="0" e="0" prc="0.00" />
    <choice id="55" tot="1" vot="0" e="0" prc="0.00" />
    <choice id="56" tot="1" vot="0" e="0" prc="0.00" />
    <choice id="57" tot="1" vot="0" e="0" prc="0.00" />
    <choice id="58" tot="1" vot="0" e="0" prc="0.00" />
    <choice id="59" tot="1" vot="0" e="0" prc="0.00" />
    <choice id="60" tot="1" vot="0" e="0" prc="0.00" />
    <choice id="61" tot="1" vot="0" e="0" prc="0.00" />
    <choice id="62" tot="1" vot="0" e="0" prc="0.00" />
    <choice id="63" tot="1" vot="0" e="0" prc="0.00" />
    <choice id="64" tot="1" vot="0" e="0" prc="0.00" />
    <choice id="65" tot="1" vot="0" e="0" prc="0.00" />
    <choice id="66" tot="1" vot="0" e="0" prc="0.00" />
    <choice id="67" tot="1" vot="0" e="0" prc="0.00" />
    <choice id="68" tot="1" vot="0" e="0" prc="0.00" />
    <choice id="69" tot="1" vot="0" e="0" prc="0.00" />
    <choice id="70" tot="1" vot="0" e="0" prc="0.00" />
    <choice id="71" tot="1" vot="0" e="0" prc="0.00" />
    <choice id="72" tot="1" vot="0" e="0" prc="0.00" />
    <choice id="73" tot="1" vot="0" e="0" prc="0.00" />
    <choice id="74" tot="1" vot="0" e="0" prc="0.00" />
    <choice id="75" tot="1" vot="0" e="0" prc="0.00" />
    <choice id="76" tot="1" vot="0" e="0" prc="0.00" />
    <choice id="77" tot="1" vot="0" e="0" prc="0.00" />
    <choice id="78" tot="1" vot="0" e="0" prc="0.00" />
    <choice id="79" tot="1" vot="0" e="0" prc="0.00" />
    <choice id="80" tot="1" vot="0" e="0" prc="0.00" />
    <choice id="81" tot="1" vot="0" e="0" prc="0.00" />
    <choice id="82" tot="1" vot="0" e="0" prc="0.00" />
    <choice id="83" tot="1" vot="0" e="0" prc="0.00" />
    <choice id="84" tot="1" vot="0" e="0" prc="0.00" />
    <choice id="85" tot="1" vot="0" e="0" prc="0.00" />
    <choice id="86" tot="1" vot="0" e="0" prc="0.00" />
    <choice id="87" tot="1" vot="0" e="0" prc="0.00" />
    <choice id="88" tot="1" vot="0" e="0" prc="0.00" />
    <choice id="89" tot="1" vot="0" e="0" prc="0.00" />
    <choice id="90" tot="1" vot="0" e="0" prc="0.00" />
    <choice id="91" tot="1" vot="0" e="0" prc="0.00" />
    <choice id="92" tot="1" vot="0" e="0" prc="0.00" />
    <choice id="93" tot="1" vot="0" e="0" prc="0.00" />
    <choice id="94" tot="1" vot="0" e="0" prc="0.00" />
    <choice id="95" tot="1" vot="0" e="0" prc="0.00" />
    <choice id="96" tot="1" vot="0" e="0" prc="0.00" />
    <choice id="97" tot="1" vot="0" e="0" prc="0.00" />
    <choice id="98" tot="1" vot="0" e="0" prc="0.00" />
    <choice id="99" tot="1" vot="0" e="0" prc="0.00" />
    <choice id="100" tot="1" vot="0" e="0" prc="0.00" />
    <choice id="101" tot="1" vot="0" e="0" prc="0.00" />
    <choice id="102" tot="1" vot="0" e="0" prc="0.00" />
    <choice id="103" tot="1" vot="0" e="0" prc="0.00" />
    <choice id="104" tot="1" vot="0" e="0" prc="0.00" />
    <choice id="105" tot="1" vot="0" e="0" prc="0.00" />
    <choice id="106" tot="1" vot="0" e="0" prc="0.00" />
    <choice id="107" tot="1" vot="0" e="0" prc="0.00" />
    <choice id="108" tot="1" vot="0" e="0" prc="0.00" />
    <choice id="109" tot="1" vot="0" e="0" prc="0.00" />
    <choice id="110" tot="1" vot="0" e="0" prc="0.00" />
    <choice id="111" tot="1" vot="0" e="0" prc="0.00" />
    <choice id="112" tot="1" vot="0" e="0" prc="0.00" />
    <choice id="152" tot="1" vot="0" e="1" prc="0.00" />
    <choice id="113" tot="1" vot="0" e="0" prc="0.00" />
    <choice id="114" tot="1" vot="0" e="0" prc="0.00" />
    <choice id="115" tot="1" vot="0" e="0" prc="0.00" />
    <choice id="116" tot="1" vot="0" e="0" prc="0.00" />
    <choice id="117" tot="1" vot="0" e="0" prc="0.00" />
    <choice id="118" tot="1" vot="0" e="0" prc="0.00" />
    <choice id="153" tot="1" vot="0" e="1" prc="0.00" />
    <choice id="119" tot="1" vot="0" e="0" prc="0.00" />
    <choice id="120" tot="1" vot="0" e="0" prc="0.00" />
    <choice id="121" tot="1" vot="0" e="0" prc="0.00" />
    <choice id="122" tot="1" vot="0" e="0" prc="0.00" />
    <choice id="123" tot="1" vot="0" e="0" prc="0.00" />
    <choice id="124" tot="1" vot="0" e="0" prc="0.00" />
    <choice id="125" tot="1" vot="0" e="0" prc="0.00" />
    <choice id="126" tot="1" vot="0" e="0" prc="0.00" />
    <choice id="127" tot="1" vot="0" e="0" prc="0.00" />
    <choice id="128" tot="1" vot="0" e="0" prc="0.00" />
    <choice id="129" tot="1" vot="0" e="0" prc="0.00" />
    <choice id="130" tot="1" vot="0" e="0" prc="0.00" />
    <choice id="131" tot="1" vot="0" e="0" prc="0.00" />
    <choice id="132" tot="1" vot="0" e="0" prc="0.00" />
    <choice id="133" tot="1" vot="0" e="0" prc="0.00" />
    <choice id="134" tot="1" vot="0" e="0" prc="0.00" />
    <choice id="135" tot="1" vot="0" e="0" prc="0.00" />
    <choice id="154" tot="1" vot="0" e="1" prc="0.00" />
    <choice id="155" tot="1" vot="0" e="1" prc="0.00" />
    <choice id="136" tot="1" vot="0" e="0" prc="0.00" />
    <choice id="137" tot="1" vot="0" e="0" prc="0.00" />
    <choice id="138" tot="1" vot="0" e="0" prc="0.00" />
    <choice id="139" tot="1" vot="0" e="0" prc="0.00" />
    <choice id="140" tot="1" vot="0" e="0" prc="0.00" />
    <choice id="156" tot="1" vot="0" e="1" prc="0.00" />
    <choice id="141" tot="1" vot="0" e="0" prc="0.00" />
    <choice id="142" tot="1" vot="0" e="0" prc="0.00" />
    <choice id="143" tot="1" vot="0" e="0" prc="0.00" />
    <choice id="144" tot="1" vot="0" e="0" prc="0.00" />
    <choice id="145" tot="1" vot="0" e="0" prc="0.00" />
    <choice id="146" tot="1" vot="0" e="0" prc="0.00" />
    <choice id="157" tot="1" vot="0" e="1" prc="0.00" />
    <choice id="147" tot="1" vot="0" e="0" prc="0.00" />
    <choice id="148" tot="1" vot="0" e="0" prc="0.00" />
    <choice id="149" tot="1" vot="0" e="0" prc="0.00" />
    <choice id="150" tot="1" vot="0" e="0" prc="0.00" />
    <choice id="151" tot="1" vot="0" e="0" prc="0.00" />
    <choice id="158" tot="1" vot="0" e="1" prc="0.00" />
  </choices>
  <contests>
    <contest id="1" bal="0" bl="0" uv="0" ov="0" iv="0" wrr="0" sum="0" trn="0.00" extid="" />
    <contest id="2" bal="0" bl="0" uv="0" ov="0" iv="0" wrr="0" sum="0" trn="0.00" extid="" />
    <contest id="3" bal="0" bl="0" uv="0" ov="0" iv="0" wrr="0" sum="0" trn="0.00" extid="" />
    <contest id="4" bal="0" bl="0" uv="0" ov="0" iv="0" wrr="0" sum="0" trn="0.00" extid="" />
    <contest id="5" bal="0" bl="0" uv="0" ov="0" iv="0" wrr="0" sum="0" trn="0.00" extid="" />
    <contest id="6" bal="0" bl="0" uv="0" ov="0" iv="0" wrr="0" sum="0" trn="0.00" extid="" />
    <contest id="7" bal="0" bl="0" uv="0" ov="0" iv="0" wrr="0" sum="0" trn="0.00" extid="" />
    <contest id="8" bal="0" bl="0" uv="0" ov="0" iv="0" wrr="0" sum="0" trn="0.00" extid="" />
    <contest id="9" bal="0" bl="0" uv="0" ov="0" iv="0" wrr="0" sum="0" trn="0.00" extid="" />
    <contest id="10" bal="0" bl="0" uv="0" ov="0" iv="0" wrr="0" sum="0" trn="0.00" extid="" />
    <contest id="11" bal="0" bl="0" uv="0" ov="0" iv="0" wrr="0" sum="0" trn="0.00" extid="" />
    <contest id="12" bal="0" bl="0" uv="0" ov="0" iv="0" wrr="0" sum="0" trn="0.00" extid="" />
    <contest id="13" bal="0" bl="0" uv="0" ov="0" iv="0" wrr="0" sum="0" trn="0.00" extid="" />
    <contest id="14" bal="0" bl="0" uv="0" ov="0" iv="0" wrr="0" sum="0" trn="0.00" extid="" />
    <contest id="15" bal="0" bl="0" uv="0" ov="0" iv="0" wrr="0" sum="0" trn="0.00" extid="" />
    <contest id="16" bal="0" bl="0" uv="0" ov="0" iv="0" wrr="0" sum="0" trn="0.00" extid="" />
    <contest id="17" bal="0" bl="0" uv="0" ov="0" iv="0" wrr="0" sum="0" trn="0.00" extid="" />
    <contest id="18" bal="0" bl="0" uv="0" ov="0" iv="0" wrr="0" sum="0" trn="0.00" extid="" />
    <contest id="19" bal="0" bl="0" uv="0" ov="0" iv="0" wrr="0" sum="0" trn="0.00" extid="" />
    <contest id="20" bal="0" bl="0" uv="0" ov="0" iv="0" wrr="0" sum="0" trn="0.00" extid="" />
    <contest id="21" bal="0" bl="0" uv="0" ov="0" iv="0" wrr="0" sum="0" trn="0.00" extid="" />
    <contest id="22" bal="0" bl="0" uv="0" ov="0" iv="0" wrr="0" sum="0" trn="0.00" extid="" />
    <contest id="23" bal="0" bl="0" uv="0" ov="0" iv="0" wrr="0" sum="0" trn="0.00" extid="" />
    <contest id="24" bal="0" bl="0" uv="0" ov="0" iv="0" wrr="0" sum="0" trn="0.00" extid="" />
    <contest id="25" bal="0" bl="0" uv="0" ov="0" iv="0" wrr="0" sum="0" trn="0.00" extid="" />
    <contest id="26" bal="0" bl="0" uv="0" ov="0" iv="0" wrr="0" sum="0" trn="0.00" extid="" />
    <contest id="27" bal="0" bl="0" uv="0" ov="0" iv="0" wrr="0" sum="0" trn="0.00" extid="" />
    <contest id="28" bal="0" bl="0" uv="0" ov="0" iv="0" wrr="0" sum="0" trn="0.00" extid="" />
    <contest id="29" bal="0" bl="0" uv="0" ov="0" iv="0" wrr="0" sum="0" trn="0.00" extid="" />
    <contest id="30" bal="0" bl="0" uv="0" ov="0" iv="0" wrr="0" sum="0" trn="0.00" extid="" />
    <contest id="31" bal="0" bl="0" uv="0" ov="0" iv="0" wrr="0" sum="0" trn="0.00" extid="" />
    <contest id="32" bal="0" bl="0" uv="0" ov="0" iv="0" wrr="0" sum="0" trn="0.00" extid="" />
    <contest id="33" bal="0" bl="0" uv="0" ov="0" iv="0" wrr="0" sum="0" trn="0.00" extid="" />
    <contest id="34" bal="0" bl="0" uv="0" ov="0" iv="0" wrr="0" sum="0" trn="0.00" extid="" />
    <contest id="35" bal="0" bl="0" uv="0" ov="0" iv="0" wrr="0" sum="0" trn="0.00" extid="" />
    <contest id="36" bal="0" bl="0" uv="0" ov="0" iv="0" wrr="0" sum="0" trn="0.00" extid="" />
    <contest id="37" bal="0" bl="0" uv="0" ov="0" iv="0" wrr="0" sum="0" trn="0.00" extid="" />
    <contest id="38" bal="0" bl="0" uv="0" ov="0" iv="0" wrr="0" sum="0" trn="0.00" extid="" />
  </contests>
  <areas>
    <area id="1" bal="0" vot="0" bal2="0" vot2="0" tab="252" cltab="0" pol="222" clpol="0" stpol="0" trn="0.00" trn2="0.00" extid="">
      <tab>
        <cg cgId="1" tot="222" clos="0" />
        <cg cgId="2" tot="30" clos="0" />
      </tab>
    </area>
    <area id="3" bal="0" vot="0" bal2="0" vot2="0" tab="18" cltab="0" pol="16" clpol="0" stpol="0" trn="0.00" trn2="0.00" extid="">
      <tab>
        <cg cgId="1" tot="16" clos="0" />
        <cg cgId="2" tot="2" clos="0" />
      </tab>
    </area>
    <area id="4" bal="0" vot="0" bal2="0" vot2="0" tab="17" cltab="0" pol="15" clpol="0" stpol="0" trn="0.00" trn2="0.00" extid="">
      <tab>
        <cg cgId="1" tot="15" clos="0" />
        <cg cgId="2" tot="2" clos="0" />
      </tab>
    </area>
    <area id="5" bal="0" vot="0" bal2="0" vot2="0" tab="22" cltab="0" pol="20" clpol="0" stpol="0" trn="0.00" trn2="0.00" extid="">
      <tab>
        <cg cgId="1" tot="20" clos="0" />
        <cg cgId="2" tot="2" clos="0" />
      </tab>
    </area>
    <area id="6" bal="0" vot="0" bal2="0" vot2="0" tab="17" cltab="0" pol="15" clpol="0" stpol="0" trn="0.00" trn2="0.00" extid="">
      <tab>
        <cg cgId="1" tot="15" clos="0" />
        <cg cgId="2" tot="2" clos="0" />
      </tab>
    </area>
    <area id="7" bal="0" vot="0" bal2="0" vot2="0" tab="19" cltab="0" pol="17" clpol="0" stpol="0" trn="0.00" trn2="0.00" extid="">
      <tab>
        <cg cgId="1" tot="17" clos="0" />
        <cg cgId="2" tot="2" clos="0" />
      </tab>
    </area>
    <area id="8" bal="0" vot="0" bal2="0" vot2="0" tab="15" cltab="0" pol="13" clpol="0" stpol="0" trn="0.00" trn2="0.00" extid="">
      <tab>
        <cg cgId="1" tot="13" clos="0" />
        <cg cgId="2" tot="2" clos="0" />
      </tab>
    </area>
    <area id="9" bal="0" vot="0" bal2="0" vot2="0" tab="20" cltab="0" pol="18" clpol="0" stpol="0" trn="0.00" trn2="0.00" extid="">
      <tab>
        <cg cgId="1" tot="18" clos="0" />
        <cg cgId="2" tot="2" clos="0" />
      </tab>
    </area>
    <area id="10" bal="0" vot="0" bal2="0" vot2="0" tab="15" cltab="0" pol="13" clpol="0" stpol="0" trn="0.00" trn2="0.00" extid="">
      <tab>
        <cg cgId="1" tot="13" clos="0" />
        <cg cgId="2" tot="2" clos="0" />
      </tab>
    </area>
    <area id="11" bal="0" vot="0" bal2="0" vot2="0" tab="13" cltab="0" pol="11" clpol="0" stpol="0" trn="0.00" trn2="0.00" extid="">
      <tab>
        <cg cgId="1" tot="11" clos="0" />
        <cg cgId="2" tot="2" clos="0" />
      </tab>
    </area>
    <area id="12" bal="0" vot="0" bal2="0" vot2="0" tab="17" cltab="0" pol="15" clpol="0" stpol="0" trn="0.00" trn2="0.00" extid="">
      <tab>
        <cg cgId="1" tot="15" clos="0" />
        <cg cgId="2" tot="2" clos="0" />
      </tab>
    </area>
    <area id="13" bal="0" vot="0" bal2="0" vot2="0" tab="8" cltab="0" pol="6" clpol="0" stpol="0" trn="0.00" trn2="0.00" extid="">
      <tab>
        <cg cgId="1" tot="6" clos="0" />
        <cg cgId="2" tot="2" clos="0" />
      </tab>
    </area>
    <area id="14" bal="0" vot="0" bal2="0" vot2="0" tab="18" cltab="0" pol="16" clpol="0" stpol="0" trn="0.00" trn2="0.00" extid="">
      <tab>
        <cg cgId="1" tot="16" clos="0" />
        <cg cgId="2" tot="2" clos="0" />
      </tab>
    </area>
    <area id="15" bal="0" vot="0" bal2="0" vot2="0" tab="21" cltab="0" pol="19" clpol="0" stpol="0" trn="0.00" trn2="0.00" extid="">
      <tab>
        <cg cgId="1" tot="19" clos="0" />
        <cg cgId="2" tot="2" clos="0" />
      </tab>
    </area>
    <area id="16" bal="0" vot="0" bal2="0" vot2="0" tab="20" cltab="0" pol="18" clpol="0" stpol="0" trn="0.00" trn2="0.00" extid="">
      <tab>
        <cg cgId="1" tot="18" clos="0" />
        <cg cgId="2" tot="2" clos="0" />
      </tab>
    </area>
    <area id="17" bal="0" vot="0" bal2="0" vot2="0" tab="12" cltab="0" pol="10" clpol="0" stpol="0" trn="0.00" trn2="0.00" extid="">
      <tab>
        <cg cgId="1" tot="10" clos="0" />
        <cg cgId="2" tot="2" clos="0" />
      </tab>
    </area>
    <area id="18" bal="0" vot="0" bal2="0" vot2="0" tab="35" cltab="0" pol="31" clpol="0" stpol="0" trn="0.00" trn2="0.00" extid="">
      <tab>
        <cg cgId="1" tot="31" clos="0" />
        <cg cgId="2" tot="4" clos="0" />
      </tab>
    </area>
    <area id="19" bal="0" vot="0" bal2="0" vot2="0" tab="22" cltab="0" pol="20" clpol="0" stpol="0" trn="0.00" trn2="0.00" extid="">
      <tab>
        <cg cgId="1" tot="20" clos="0" />
        <cg cgId="2" tot="2" clos="0" />
      </tab>
    </area>
    <area id="20" bal="0" vot="0" bal2="0" vot2="0" tab="0" cltab="0" pol="0" clpol="0" stpol="0" trn="0.00" trn2="0.00" extid="">
      <tab>
        <cg cgId="1" tot="0" clos="0" />
        <cg cgId="2" tot="0" clos="0" />
      </tab>
    </area>
    <area id="21" bal="0" vot="0" bal2="0" vot2="0" tab="19" cltab="0" pol="17" clpol="0" stpol="0" trn="0.00" trn2="0.00" extid="">
      <tab>
        <cg cgId="1" tot="17" clos="0" />
        <cg cgId="2" tot="2" clos="0" />
      </tab>
    </area>
    <area id="22" bal="0" vot="0" bal2="0" vot2="0" tab="15" cltab="0" pol="13" clpol="0" stpol="0" trn="0.00" trn2="0.00" extid="">
      <tab>
        <cg cgId="1" tot="13" clos="0" />
        <cg cgId="2" tot="2" clos="0" />
      </tab>
    </area>
    <area id="23" bal="0" vot="0" bal2="0" vot2="0" tab="0" cltab="0" pol="0" clpol="0" stpol="0" trn="0.00" trn2="0.00" extid="">
      <tab>
        <cg cgId="1" tot="0" clos="0" />
        <cg cgId="2" tot="0" clos="0" />
      </tab>
    </area>
    <area id="24" bal="0" vot="0" bal2="0" vot2="0" tab="35" cltab="0" pol="31" clpol="0" stpol="0" trn="0.00" trn2="0.00" extid="">
      <tab>
        <cg cgId="1" tot="31" clos="0" />
        <cg cgId="2" tot="4" clos="0" />
      </tab>
    </area>
    <area id="25" bal="0" vot="0" bal2="0" vot2="0" tab="30" cltab="0" pol="26" clpol="0" stpol="0" trn="0.00" trn2="0.00" extid="">
      <tab>
        <cg cgId="1" tot="26" clos="0" />
        <cg cgId="2" tot="4" clos="0" />
      </tab>
    </area>
    <area id="26" bal="0" vot="0" bal2="0" vot2="0" tab="26" cltab="0" pol="22" clpol="0" stpol="0" trn="0.00" trn2="0.00" extid="">
      <tab>
        <cg cgId="1" tot="22" clos="0" />
        <cg cgId="2" tot="4" clos="0" />
      </tab>
    </area>
    <area id="27" bal="0" vot="0" bal2="0" vot2="0" tab="21" cltab="0" pol="19" clpol="0" stpol="0" trn="0.00" trn2="0.00" extid="">
      <tab>
        <cg cgId="1" tot="19" clos="0" />
        <cg cgId="2" tot="2" clos="0" />
      </tab>
    </area>
    <area id="28" bal="0" vot="0" bal2="0" vot2="0" tab="12" cltab="0" pol="10" clpol="0" stpol="0" trn="0.00" trn2="0.00" extid="">
      <tab>
        <cg cgId="1" tot="10" clos="0" />
        <cg cgId="2" tot="2" clos="0" />
      </tab>
    </area>
    <area id="29" bal="0" vot="0" bal2="0" vot2="0" tab="0" cltab="0" pol="0" clpol="0" stpol="0" trn="0.00" trn2="0.00" extid="">
      <tab>
        <cg cgId="1" tot="0" clos="0" />
        <cg cgId="2" tot="0" clos="0" />
      </tab>
    </area>
    <area id="30" bal="0" vot="0" bal2="0" vot2="0" tab="0" cltab="0" pol="0" clpol="0" stpol="0" trn="0.00" trn2="0.00" extid="">
      <tab>
        <cg cgId="1" tot="0" clos="0" />
        <cg cgId="2" tot="0" clos="0" />
      </tab>
    </area>
    <area id="31" bal="0" vot="0" bal2="0" vot2="0" tab="19" cltab="0" pol="17" clpol="0" stpol="0" trn="0.00" trn2="0.00" extid="">
      <tab>
        <cg cgId="1" tot="17" clos="0" />
        <cg cgId="2" tot="2" clos="0" />
      </tab>
    </area>
    <area id="32" bal="0" vot="0" bal2="0" vot2="0" tab="15" cltab="0" pol="13" clpol="0" stpol="0" trn="0.00" trn2="0.00" extid="">
      <tab>
        <cg cgId="1" tot="13" clos="0" />
        <cg cgId="2" tot="2" clos="0" />
      </tab>
    </area>
    <area id="33" bal="0" vot="0" bal2="0" vot2="0" tab="0" cltab="0" pol="0" clpol="0" stpol="0" trn="0.00" trn2="0.00" extid="">
      <tab>
        <cg cgId="1" tot="0" clos="0" />
        <cg cgId="2" tot="0" clos="0" />
      </tab>
    </area>
    <area id="34" bal="0" vot="0" bal2="0" vot2="0" tab="35" cltab="0" pol="31" clpol="0" stpol="0" trn="0.00" trn2="0.00" extid="">
      <tab>
        <cg cgId="1" tot="31" clos="0" />
        <cg cgId="2" tot="4" clos="0" />
      </tab>
    </area>
    <area id="35" bal="0" vot="0" bal2="0" vot2="0" tab="21" cltab="0" pol="17" clpol="0" stpol="0" trn="0.00" trn2="0.00" extid="">
      <tab>
        <cg cgId="1" tot="17" clos="0" />
        <cg cgId="2" tot="4" clos="0" />
      </tab>
    </area>
    <area id="36" bal="0" vot="0" bal2="0" vot2="0" tab="0" cltab="0" pol="0" clpol="0" stpol="0" trn="0.00" trn2="0.00" extid="">
      <tab>
        <cg cgId="1" tot="0" clos="0" />
        <cg cgId="2" tot="0" clos="0" />
      </tab>
    </area>
    <area id="37" bal="0" vot="0" bal2="0" vot2="0" tab="39" cltab="0" pol="35" clpol="0" stpol="0" trn="0.00" trn2="0.00" extid="">
      <tab>
        <cg cgId="1" tot="35" clos="0" />
        <cg cgId="2" tot="4" clos="0" />
      </tab>
    </area>
    <area id="38" bal="0" vot="0" bal2="0" vot2="0" tab="252" cltab="0" pol="222" clpol="0" stpol="0" trn="0.00" trn2="0.00" extid="">
      <tab>
        <cg cgId="1" tot="222" clos="0" />
        <cg cgId="2" tot="30" clos="0" />
      </tab>
    </area>
    <area id="39" bal="0" vot="0" bal2="0" vot2="0" tab="0" cltab="0" pol="0" clpol="0" stpol="0" trn="0.00" trn2="0.00" extid="">
      <tab>
        <cg cgId="1" tot="0" clos="0" />
        <cg cgId="2" tot="0" clos="0" />
      </tab>
    </area>
  </areas>
</results>